  os_cpu_c.c
  os_core.c
  os_dbg_r.c
D:\113-2\RTOS\RTOS_M11302149_PA1_NPCS\Micrium\Software\uCOS-II\Source\os_core.c(1106,13): warning C4013: 'exit' 未定義; 假設 extern 傳回整數
D:\113-2\RTOS\RTOS_M11302149_PA1_NPCS\Micrium\Software\uCOS-II\Source\os_core.c(2318,33): warning C4244: '=': 將 'INT16U' 轉換為 'INT8U'，由於類型不同，可能導致資料遺失
D:\113-2\RTOS\RTOS_M11302149_PA1_NPCS\Micrium\Software\uCOS-II\Source\os_core.c(2319,27): warning C4244: '=': 將 'INT16U' 轉換為 'INT8U'，由於類型不同，可能導致資料遺失
D:\113-2\RTOS\RTOS_M11302149_PA1_NPCS\Micrium\Software\uCOS-II\Source\os_core.c(2320,29): warning C4244: '=': 將 'INT16U' 轉換為 'INT8U'，由於類型不同，可能導致資料遺失
D:\113-2\RTOS\RTOS_M11302149_PA1_NPCS\Micrium\Software\uCOS-II\Source\os_core.c(2321,29): warning C4244: '=': 將 'INT16U' 轉換為 'INT8U'，由於類型不同，可能導致資料遺失
D:\113-2\RTOS\RTOS_M11302149_PA1_NPCS\Micrium\Software\uCOS-II\Source\os_core.c(2323,28): warning C4244: '=': 將 'INT16U' 轉換為 'INT8U'，由於類型不同，可能導致資料遺失
  os_flag.c
  os_mbox.c
  os_mem.c
  os_mutex.c
  os_q.c
  os_sem.c
  os_task.c
  os_time.c
  os_tmr.c
  app_hooks.c
D:\113-2\RTOS\RTOS_M11302149_PA1_NPCS\Microsoft\Windows\Kernel\OS2\app_hooks.c(128,29): warning C4013: 'atoi' 未定義; 假設 extern 傳回整數
D:\113-2\RTOS\RTOS_M11302149_PA1_NPCS\Microsoft\Windows\Kernel\OS2\app_hooks.c(141,63): warning C4244: '=': 將 'INT16U' 轉換為 'INT8U'，由於類型不同，可能導致資料遺失
D:\113-2\RTOS\RTOS_M11302149_PA1_NPCS\Microsoft\Windows\Kernel\OS2\app_hooks.c(181,12): warning C4477: 'printf' : 格式字串 '%06x' 需要 'unsigned int' 類型的引數，但 variadic 引數 2 的類型為 'OS_TCB *'
  main.c
D:\113-2\RTOS\RTOS_M11302149_PA1_NPCS\Microsoft\Windows\Kernel\OS2\main.c(109,16): warning C4013: 'malloc' 未定義; 假設 extern 傳回整數
D:\113-2\RTOS\RTOS_M11302149_PA1_NPCS\Microsoft\Windows\Kernel\OS2\main.c(109,14): warning C4047: '=': 'OS_STK **' 與 'int' 間接取值的層級不同
D:\113-2\RTOS\RTOS_M11302149_PA1_NPCS\Microsoft\Windows\Kernel\OS2\main.c(114,21): warning C4047: '=': 'OS_STK *' 與 'int' 間接取值的層級不同
D:\113-2\RTOS\RTOS_M11302149_PA1_NPCS\Microsoft\Windows\Kernel\OS2\main.c(124,29): warning C4244: '函式': 將 'INT16U' 轉換為 'INT8U'，由於類型不同，可能導致資料遺失
D:\113-2\RTOS\RTOS_M11302149_PA1_NPCS\Microsoft\Windows\Kernel\OS2\main.c(87,17): warning C4101: 'os_err': 未參考的區域變數
D:\113-2\RTOS\RTOS_M11302149_PA1_NPCS\Microsoft\Windows\Kernel\OS2\main.c(187,25): warning C4244: '正在初始化': 將 'INT16U' 轉換為 'INT8U'，由於類型不同，可能導致資料遺失
  正在產生程式碼...
  OS2.vcxproj -> D:\113-2\RTOS\RTOS_M11302149_PA1_NPCS\Microsoft\Windows\Kernel\OS2\VS\Debug\OS2.exe
